Obtaining file:///D:/IP-Shakti/apps/api
  Installing build dependencies: started
  Installing build dependencies: finished with status 'done'
  Checking if build backend supports build_editable: started
  Checking if build backend supports build_editable: finished with status 'done'
  Getting requirements to build editable: started
  Getting requirements to build editable: finished with status 'done'
  Preparing editable metadata (pyproject.toml): started
  Preparing editable metadata (pyproject.toml): finished with status 'done'
Collecting fastapi==0.115.0 (from ipsakti-api==0.1.0)
  Using cached fastapi-0.115.0-py3-none-any.whl.metadata (27 kB)
Collecting sqlalchemy==2.0.25 (from ipsakti-api==0.1.0)
  Using cached SQLAlchemy-2.0.25-py3-none-any.whl.metadata (9.6 kB)
Collecting asyncpg==0.30.0 (from ipsakti-api==0.1.0)
  Using cached asyncpg-0.30.0.tar.gz (957 kB)
  Installing build dependencies: started
  Installing build dependencies: finished with status 'done'
  Getting requirements to build wheel: started
  Getting requirements to build wheel: finished with status 'done'
  Preparing metadata (pyproject.toml): started
  Preparing metadata (pyproject.toml): finished with status 'done'
Collecting alembic==1.13.1 (from ipsakti-api==0.1.0)
  Using cached alembic-1.13.1-py3-none-any.whl.metadata (7.4 kB)
Collecting passlib==1.7.4 (from passlib[bcrypt]==1.7.4->ipsakti-api==0.1.0)
  Using cached passlib-1.7.4-py2.py3-none-any.whl.metadata (1.7 kB)
Collecting python-jose==3.3.0 (from python-jose[cryptography]==3.3.0->ipsakti-api==0.1.0)
  Using cached python_jose-3.3.0-py2.py3-none-any.whl.metadata (5.4 kB)
Collecting pydantic-settings==2.2.1 (from ipsakti-api==0.1.0)
  Using cached pydantic_settings-2.2.1-py3-none-any.whl.metadata (3.1 kB)
Collecting uvicorn==0.30.0 (from uvicorn[standard]==0.30.0->ipsakti-api==0.1.0)
  Using cached uvicorn-0.30.0-py3-none-any.whl.metadata (6.3 kB)
Collecting pytest==8.0.0 (from ipsakti-api==0.1.0)
  Using cached pytest-8.0.0-py3-none-any.whl.metadata (7.8 kB)
Collecting pytest-asyncio==0.23.3 (from ipsakti-api==0.1.0)
  Using cached pytest_asyncio-0.23.3-py3-none-any.whl.metadata (3.9 kB)
Collecting httpx==0.27.0 (from ipsakti-api==0.1.0)
  Using cached httpx-0.27.0-py3-none-any.whl.metadata (7.2 kB)
Collecting Mako (from alembic==1.13.1->ipsakti-api==0.1.0)
  Using cached mako-1.4.1-py3-none-any.whl.metadata (2.9 kB)
Collecting typing-extensions>=4 (from alembic==1.13.1->ipsakti-api==0.1.0)
  Using cached typing_extensions-4.16.0-py3-none-any.whl.metadata (3.3 kB)
Collecting starlette<0.39.0,>=0.37.2 (from fastapi==0.115.0->ipsakti-api==0.1.0)
  Using cached starlette-0.38.6-py3-none-any.whl.metadata (6.0 kB)
Collecting pydantic!=1.8,!=1.8.1,!=2.0.0,!=2.0.1,!=2.1.0,<3.0.0,>=1.7.4 (from fastapi==0.115.0->ipsakti-api==0.1.0)
  Using cached pydantic-2.13.5-py3-none-any.whl.metadata (110 kB)
Collecting anyio (from httpx==0.27.0->ipsakti-api==0.1.0)
  Using cached anyio-4.15.1-py3-none-any.whl.metadata (4.7 kB)
Collecting certifi (from httpx==0.27.0->ipsakti-api==0.1.0)
  Using cached certifi-2026.7.22-py3-none-any.whl.metadata (2.5 kB)
Collecting httpcore==1.* (from httpx==0.27.0->ipsakti-api==0.1.0)
  Using cached httpcore-1.0.9-py3-none-any.whl.metadata (21 kB)
Collecting idna (from httpx==0.27.0->ipsakti-api==0.1.0)
  Using cached idna-3.19-py3-none-any.whl.metadata (9.2 kB)
Collecting sniffio (from httpx==0.27.0->ipsakti-api==0.1.0)
  Using cached sniffio-1.3.1-py3-none-any.whl.metadata (3.9 kB)
Collecting bcrypt>=3.1.0 (from passlib[bcrypt]==1.7.4->ipsakti-api==0.1.0)
  Using cached bcrypt-5.0.0-cp39-abi3-win_amd64.whl.metadata (10 kB)
Collecting python-dotenv>=0.21.0 (from pydantic-settings==2.2.1->ipsakti-api==0.1.0)
  Using cached python_dotenv-1.2.3-py3-none-any.whl.metadata (29 kB)
Collecting iniconfig (from pytest==8.0.0->ipsakti-api==0.1.0)
  Using cached iniconfig-2.3.0-py3-none-any.whl.metadata (2.5 kB)
Collecting packaging (from pytest==8.0.0->ipsakti-api==0.1.0)
  Using cached packaging-26.3-py3-none-any.whl.metadata (3.5 kB)
Collecting pluggy<2.0,>=1.3.0 (from pytest==8.0.0->ipsakti-api==0.1.0)
  Using cached pluggy-1.6.0-py3-none-any.whl.metadata (4.8 kB)
Collecting colorama (from pytest==8.0.0->ipsakti-api==0.1.0)
  Using cached colorama-0.4.6-py2.py3-none-any.whl.metadata (17 kB)
Collecting ecdsa!=0.15 (from python-jose==3.3.0->python-jose[cryptography]==3.3.0->ipsakti-api==0.1.0)
  Using cached ecdsa-0.19.2-py2.py3-none-any.whl.metadata (29 kB)
Collecting rsa (from python-jose==3.3.0->python-jose[cryptography]==3.3.0->ipsakti-api==0.1.0)
  Using cached rsa-4.9.1-py3-none-any.whl.metadata (5.6 kB)
Collecting pyasn1 (from python-jose==3.3.0->python-jose[cryptography]==3.3.0->ipsakti-api==0.1.0)
  Using cached pyasn1-0.6.4-py3-none-any.whl.metadata (8.4 kB)
Collecting cryptography>=3.4.0 (from python-jose[cryptography]==3.3.0->ipsakti-api==0.1.0)
  Using cached cryptography-50.0.1-cp311-abi3-win_amd64.whl.metadata (4.3 kB)
Collecting greenlet!=0.4.17 (from sqlalchemy==2.0.25->ipsakti-api==0.1.0)
  Using cached greenlet-3.5.6-cp314-cp314-win_amd64.whl.metadata (3.9 kB)
Collecting click>=7.0 (from uvicorn==0.30.0->uvicorn[standard]==0.30.0->ipsakti-api==0.1.0)
  Using cached click-8.5.0-py3-none-any.whl.metadata (2.6 kB)
Collecting h11>=0.8 (from uvicorn==0.30.0->uvicorn[standard]==0.30.0->ipsakti-api==0.1.0)
  Using cached h11-0.16.0-py3-none-any.whl.metadata (8.3 kB)
Collecting httptools>=0.5.0 (from uvicorn[standard]==0.30.0->ipsakti-api==0.1.0)
  Using cached httptools-0.8.0-cp314-cp314-win_amd64.whl.metadata (3.7 kB)
Collecting pyyaml>=5.1 (from uvicorn[standard]==0.30.0->ipsakti-api==0.1.0)
  Using cached pyyaml-6.0.3-cp314-cp314-win_amd64.whl.metadata (2.4 kB)
Collecting watchfiles>=0.13 (from uvicorn[standard]==0.30.0->ipsakti-api==0.1.0)
  Using cached watchfiles-1.2.0-cp314-cp314-win_amd64.whl.metadata (5.0 kB)
Collecting websockets>=10.4 (from uvicorn[standard]==0.30.0->ipsakti-api==0.1.0)
  Using cached websockets-17.1-cp314-cp314-win_amd64.whl.metadata (6.5 kB)
Collecting annotated-types>=0.6.0 (from pydantic!=1.8,!=1.8.1,!=2.0.0,!=2.0.1,!=2.1.0,<3.0.0,>=1.7.4->fastapi==0.115.0->ipsakti-api==0.1.0)
  Using cached annotated_types-0.8.0-py3-none-any.whl.metadata (15 kB)
Collecting pydantic-core==2.46.5 (from pydantic!=1.8,!=1.8.1,!=2.0.0,!=2.0.1,!=2.1.0,<3.0.0,>=1.7.4->fastapi==0.115.0->ipsakti-api==0.1.0)
  Using cached pydantic_core-2.46.5-cp314-cp314-win_amd64.whl.metadata (6.7 kB)
Collecting typing-inspection>=0.4.2 (from pydantic!=1.8,!=1.8.1,!=2.0.0,!=2.0.1,!=2.1.0,<3.0.0,>=1.7.4->fastapi==0.115.0->ipsakti-api==0.1.0)
  Using cached typing_inspection-0.4.4-py3-none-any.whl.metadata (2.6 kB)
Collecting cffi>=2.0.0 (from cryptography>=3.4.0->python-jose[cryptography]==3.3.0->ipsakti-api==0.1.0)
  Using cached cffi-2.1.1-cp314-cp314-win_amd64.whl.metadata (2.6 kB)
Collecting pycparser (from cffi>=2.0.0->cryptography>=3.4.0->python-jose[cryptography]==3.3.0->ipsakti-api==0.1.0)
  Using cached pycparser-3.0-py3-none-any.whl.metadata (8.2 kB)
Collecting six>=1.9.0 (from ecdsa!=0.15->python-jose==3.3.0->python-jose[cryptography]==3.3.0->ipsakti-api==0.1.0)
  Using cached six-1.17.0-py2.py3-none-any.whl.metadata (1.7 kB)
Collecting MarkupSafe>=2.0 (from Mako->alembic==1.13.1->ipsakti-api==0.1.0)
  Using cached markupsafe-3.0.3-cp314-cp314-win_amd64.whl.metadata (2.8 kB)
Using cached alembic-1.13.1-py3-none-any.whl (233 kB)
Using cached fastapi-0.115.0-py3-none-any.whl (94 kB)
Using cached httpx-0.27.0-py3-none-any.whl (75 kB)
Using cached passlib-1.7.4-py2.py3-none-any.whl (525 kB)
Using cached pydantic_settings-2.2.1-py3-none-any.whl (13 kB)
Using cached pytest-8.0.0-py3-none-any.whl (334 kB)
Using cached pytest_asyncio-0.23.3-py3-none-any.whl (17 kB)
Using cached python_jose-3.3.0-py2.py3-none-any.whl (33 kB)
Using cached SQLAlchemy-2.0.25-py3-none-any.whl (1.9 MB)
Using cached uvicorn-0.30.0-py3-none-any.whl (62 kB)
Using cached httpcore-1.0.9-py3-none-any.whl (78 kB)
Using cached pluggy-1.6.0-py3-none-any.whl (20 kB)
Using cached pydantic-2.13.5-py3-none-any.whl (472 kB)
Using cached pydantic_core-2.46.5-cp314-cp314-win_amd64.whl (2.0 MB)
Using cached starlette-0.38.6-py3-none-any.whl (71 kB)
Using cached anyio-4.15.1-py3-none-any.whl (132 kB)
Using cached annotated_types-0.8.0-py3-none-any.whl (13 kB)
Using cached bcrypt-5.0.0-cp39-abi3-win_amd64.whl (150 kB)
Using cached click-8.5.0-py3-none-any.whl (125 kB)
Using cached colorama-0.4.6-py2.py3-none-any.whl (25 kB)
Using cached cryptography-50.0.1-cp311-abi3-win_amd64.whl (3.8 MB)
Using cached cffi-2.1.1-cp314-cp314-win_amd64.whl (187 kB)
Using cached ecdsa-0.19.2-py2.py3-none-any.whl (150 kB)
Using cached greenlet-3.5.6-cp314-cp314-win_amd64.whl (327 kB)
Using cached h11-0.16.0-py3-none-any.whl (37 kB)
Using cached httptools-0.8.0-cp314-cp314-win_amd64.whl (92 kB)
Using cached idna-3.19-py3-none-any.whl (68 kB)
Using cached python_dotenv-1.2.3-py3-none-any.whl (22 kB)
Using cached pyyaml-6.0.3-cp314-cp314-win_amd64.whl (156 kB)
Using cached six-1.17.0-py2.py3-none-any.whl (11 kB)
Using cached typing_extensions-4.16.0-py3-none-any.whl (45 kB)
Using cached typing_inspection-0.4.4-py3-none-any.whl (14 kB)
Using cached watchfiles-1.2.0-cp314-cp314-win_amd64.whl (288 kB)
Using cached websockets-17.1-cp314-cp314-win_amd64.whl (217 kB)
Using cached certifi-2026.7.22-py3-none-any.whl (136 kB)
Using cached iniconfig-2.3.0-py3-none-any.whl (7.5 kB)
Using cached mako-1.4.1-py3-none-any.whl (80 kB)
Using cached markupsafe-3.0.3-cp314-cp314-win_amd64.whl (15 kB)
Using cached packaging-26.3-py3-none-any.whl (129 kB)
Using cached pyasn1-0.6.4-py3-none-any.whl (84 kB)
Using cached pycparser-3.0-py3-none-any.whl (48 kB)
Using cached rsa-4.9.1-py3-none-any.whl (34 kB)
Using cached sniffio-1.3.1-py3-none-any.whl (10 kB)
Building wheels for collected packages: ipsakti-api, asyncpg
  Building editable for ipsakti-api (pyproject.toml): started
  Building editable for ipsakti-api (pyproject.toml): finished with status 'done'
  Created wheel for ipsakti-api: filename=ipsakti_api-0.1.0-0.editable-py3-none-any.whl size=2961 sha256=f95b571b088a6fc29daad977563948b5b98a6979708fc611f5dee3401cc920d4
  Stored in directory: C:\Users\ASUS\AppData\Local\Temp\pip-ephem-wheel-cache-1u9ro5bs\wheels\61\2a\a0\dc0bff7e0dafdaef1eb595d24792162a6310577cafe9f7fb6a
  Building wheel for asyncpg (pyproject.toml): started
  Building wheel for asyncpg (pyproject.toml): finished with status 'error'
Successfully built ipsakti-api
Failed to build asyncpg
